// Generated by Mochi compiler v0.10.26 on 2025-07-15T06:33:30Z
program Q79;
{$mode objfpc}
{$modeswitch nestedprocvars}
uses SysUtils, fgl, fphttpclient, Classes, Variants, fpjson, jsonparser, fpjsonrtti;

type
  generic TArray<T> = array of T;

generic procedure _json<T>(v: T);
begin
  writeln('[]');
end;

generic procedure _sortBy<T>(var arr: specialize TArray<T>; keys: specialize TArray<Variant>);
var i,j: integer; tmp: T; k: Variant;
begin
  for i := 0 to High(arr) - 1 do
  for j := i + 1 to High(arr) do
    if keys[i] > keys[j] then
    begin
      tmp := arr[i]; arr[i] := arr[j]; arr[j] := tmp;
      k := keys[i]; keys[i] := keys[j]; keys[j] := k;
    end;
end;

generic function _sumList<T>(arr: specialize TArray<T>): double;
var i: integer; s: double;
begin
  s := 0;
  for i := 0 to High(arr) do
    s := s + arr[i];
  Result := s;
end;

var
  _tmp0: specialize TFPGMap<string, integer>;
  _tmp1: specialize TFPGMap<string, Variant>;
  _tmp10: specialize TArray<Variant>;
  _tmp11: specialize TFPGMap<string, Variant>;
  _tmp2: specialize TFPGMap<string, integer>;
  _tmp3: specialize TFPGMap<string, Variant>;
  _tmp4: specialize TFPGMap<string, Variant>;
  _tmp5: specialize TArray<specialize TFPGMap<string, Variant>>;
  _tmp6: specialize TFPGMap<string, Variant>;
  _tmp7: specialize TArray<Variant>;
  _tmp8: specialize TArray<Variant>;
  _tmp9: specialize TArray<specialize TFPGMap<string, Variant>>;
  a: specialize TFPGMap<string, Variant>;
  agg: specialize TArray<specialize TFPGMap<string, Variant>>;
  c: specialize TFPGMap<string, Variant>;
  customer: specialize TArray<specialize TFPGMap<string, Variant>>;
  d: specialize TFPGMap<string, integer>;
  date_dim: specialize TArray<specialize TFPGMap<string, integer>>;
  hd: specialize TFPGMap<string, integer>;
  household_demographics: specialize TArray<specialize TFPGMap<string, integer>>;
  _result: specialize TArray<specialize TFPGMap<string, Variant>>;
  s: specialize TFPGMap<string, Variant>;
  ss: specialize TFPGMap<string, Variant>;
  store: specialize TArray<specialize TFPGMap<string, Variant>>;
  store_sales: specialize TArray<specialize TFPGMap<string, Variant>>;
  x: integer;

procedure test_TPCDS_Q79_simplified;
var
  _tmp12: specialize TFPGMap<string, Variant>;
begin
  _tmp12 := specialize TFPGMap<string, Variant>.Create;
  _tmp12.AddOrSetData('c_last_name', 'Smith');
  _tmp12.AddOrSetData('c_first_name', 'Alice');
  _tmp12.AddOrSetData('s_city', 'CityA');
  _tmp12.AddOrSetData('ss_ticket_number', 1);
  _tmp12.AddOrSetData('amt', 5);
  _tmp12.AddOrSetData('profit', 10);
  if not ((_result = specialize TArray<_>([_tmp12]))) then raise Exception.Create('expect failed');
end;

begin
  _tmp0 := specialize TFPGMap<string, integer>.Create;
  _tmp0.AddOrSetData('d_date_sk', 1);
  _tmp0.AddOrSetData('d_dow', 1);
  _tmp0.AddOrSetData('d_year', 1999);
  date_dim := specialize TArray<specialize TFPGMap<string, integer>>([_tmp0]);
  _tmp1 := specialize TFPGMap<string, Variant>.Create;
  _tmp1.AddOrSetData('s_store_sk', 1);
  _tmp1.AddOrSetData('s_city', 'CityA');
  _tmp1.AddOrSetData('s_number_employees', 250);
  store := specialize TArray<specialize TFPGMap<string, Variant>>([_tmp1]);
  _tmp2 := specialize TFPGMap<string, integer>.Create;
  _tmp2.AddOrSetData('hd_demo_sk', 1);
  _tmp2.AddOrSetData('hd_dep_count', 2);
  _tmp2.AddOrSetData('hd_vehicle_count', 1);
  household_demographics := specialize TArray<specialize TFPGMap<string, integer>>([_tmp2]);
  _tmp3 := specialize TFPGMap<string, Variant>.Create;
  _tmp3.AddOrSetData('ss_sold_date_sk', 1);
  _tmp3.AddOrSetData('ss_store_sk', 1);
  _tmp3.AddOrSetData('ss_ticket_number', 1);
  _tmp3.AddOrSetData('ss_customer_sk', 1);
  _tmp3.AddOrSetData('ss_hdemo_sk', 1);
  _tmp3.AddOrSetData('ss_coupon_amt', 5);
  _tmp3.AddOrSetData('ss_net_profit', 10);
  store_sales := specialize TArray<specialize TFPGMap<string, Variant>>([_tmp3]);
  _tmp4 := specialize TFPGMap<string, Variant>.Create;
  _tmp4.AddOrSetData('c_customer_sk', 1);
  _tmp4.AddOrSetData('c_last_name', 'Smith');
  _tmp4.AddOrSetData('c_first_name', 'Alice');
  customer := specialize TArray<specialize TFPGMap<string, Variant>>([_tmp4]);
  SetLength(_tmp5, 0);
  for ss in store_sales do
  begin
    for d in date_dim do
    begin
      if not ((d.KeyData['d_date_sk'] = ss.KeyData['ss_sold_date_sk'])) then continue;
      for s in store do
      begin
        if not ((s.KeyData['s_store_sk'] = ss.KeyData['ss_store_sk'])) then continue;
        for hd in household_demographics do
        begin
          if not ((hd.KeyData['hd_demo_sk'] = ss.KeyData['ss_hdemo_sk'])) then continue;
          if not (((((((hd.KeyData['hd_dep_count'] = 2) or (hd.KeyData['hd_vehicle_count'] > 1)) and (d.KeyData['d_dow'] = 1)) and (((d.KeyData['d_year'] = 1998) or (d.KeyData['d_year'] = 1999)) or (d.KeyData['d_year'] = 2000))) and (s.KeyData['s_number_employees'] >= 200)) and (s.KeyData['s_number_employees'] <= 295))) then continue;
          _tmp6 := specialize TFPGMap<string, Variant>.Create;
          _tmp6.AddOrSetData('key', g.key);
          SetLength(_tmp7, 0);
          for x in g do
          begin
            _tmp7 := Concat(_tmp7, [x.ss.ss_coupon_amt]);
          end;
          _tmp6.AddOrSetData('amt', specialize _sumList<Variant>(_tmp7));
          SetLength(_tmp8, 0);
          for x in g do
          begin
            _tmp8 := Concat(_tmp8, [x.ss.ss_net_profit]);
          end;
          _tmp6.AddOrSetData('profit', specialize _sumList<Variant>(_tmp8));
          _tmp5 := Concat(_tmp5, [_tmp6]);
        end;
      end;
    end;
  end;
  agg := _tmp5;
  SetLength(_tmp9, 0);
  SetLength(_tmp10, 0);
  for a in agg do
  begin
    for c in customer do
    begin
      if not ((c.KeyData['c_customer_sk'] = a.KeyData['key'].customer_sk)) then continue;
      _tmp11 := specialize TFPGMap<string, Variant>.Create;
      _tmp11.AddOrSetData('c_last_name', c.KeyData['c_last_name']);
      _tmp11.AddOrSetData('c_first_name', c.KeyData['c_first_name']);
      _tmp11.AddOrSetData('s_city', a.KeyData['key'].city);
      _tmp11.AddOrSetData('ss_ticket_number', a.KeyData['key'].ticket);
      _tmp11.AddOrSetData('amt', a.KeyData['amt']);
      _tmp11.AddOrSetData('profit', a.KeyData['profit']);
      _tmp9 := Concat(_tmp9, [_tmp11]);
      _tmp10 := Concat(_tmp10, [specialize TArray<specialize TFPGMap<string, Variant>>([c.KeyData['c_last_name'], c.KeyData['c_first_name'], a.KeyData['key'].city, a.KeyData['profit']])]);
    end;
  end;
  specialize _sortBy<specialize TFPGMap<string, Variant>>(_tmp9, _tmp10);
  _result := _tmp9;
  specialize _json<specialize TArray<specialize TFPGMap<string, Variant>>>(_result);
  test_TPCDS_Q79_simplified;
end.
