-1
-1
-1
-1
-1
-1
-1
-1
-1
-1
-1
-1
-1
-1
-1
-2
-2
-2
-2
-2
-2
-3
-3
-3
-3
-4
-4
-4
1
1
1
1
1
1
1
1
1
1
1050
107
111
111
1120
127
1290
1300
131
138
1390
142
1430
1580
159
1600
1612
163
1700
174
179
182
188
1902
1985
199
2
2
2
2
2
2
2
2
2
2
201
2046
213
2131
216
220
222
222
229
234
2360
239
2432
245
2579
2728
2806
2949
3
3
3
3
3
3
3175
3260
333
333
333
333
333
3331
3399
3473
358
364
3706
376
398
4
4
402
426
432
440
444
444
444
444
458
468
490
555
555
555
555
555
555
555
555
null
null
null
null
null
null
null
null
null
null
null
null
null
