-1
-1
-1
-1
-2
-2
-2
-4
-4
1
1
1
1050
106
107
1120
113
115
119
121
123
1240
125
127
1290
1300
131
134
137
138
1390
141
142
1430
150
1510
153
155
1580
159
1600
161
163
166
1670
168
1700
172
174
182
184
187
188
191
193
195
199
2
2
2
2
208
213
214
215
216
220
224
225
229
231
234
245
247
3
3
364
376
382
398
4
426
432
440
458
468
490
null
null
null
null
null
null
null
null
null
