1000
1180
1360
1391
1964
2264
2323
905
940
null
null
null
