function __print(...)
    local args = {...}
    for i, a in ipairs(args) do
        if i > 1 then io.write(' ') end
        io.write(tostring(a))
    end
    io.write('\n')
end
__print("hello")
