warning: variable "i" is unused (there is a variable with the same name in the context, use the pin operator (^) to match on it or prefix this variable with underscore if it is not meant to be used)
    │
 33 │       {guess, i} = try do
    │               ~
    │
    └─ /workspace/mochi/tests/algorithms/x/Elixir/digital_image_processing/filters/bilateral_filter.exs:33:15: Main.sqrtApprox/1

    warning: variable "n" is unused (there is a variable with the same name in the context, use the pin operator (^) to match on it or prefix this variable with underscore if it is not meant to be used)
    │
 59 │       {n, sum, term} = try do
    │        ~
    │
    └─ /workspace/mochi/tests/algorithms/x/Elixir/digital_image_processing/filters/bilateral_filter.exs:59:8: Main.expApprox/1

    warning: variable "term" is unused (there is a variable with the same name in the context, use the pin operator (^) to match on it or prefix this variable with underscore if it is not meant to be used)
    │
 59 │       {n, sum, term} = try do
    │                ~
    │
    └─ /workspace/mochi/tests/algorithms/x/Elixir/digital_image_processing/filters/bilateral_filter.exs:59:16: Main.expApprox/1

    warning: variable "j" is unused (there is a variable with the same name in the context, use the pin operator (^) to match on it or prefix this variable with underscore if it is not meant to be used)
    │
 89 │           {j, row} = try do
    │            ~
    │
    └─ /workspace/mochi/tests/algorithms/x/Elixir/digital_image_processing/filters/bilateral_filter.exs:89:12: Main.vec_gaussian/2

     warning: variable "i" is unused (there is a variable with the same name in the context, use the pin operator (^) to match on it or prefix this variable with underscore if it is not meant to be used)
     │
 102 │       {i, out} = try do
     │        ~
     │
     └─ /workspace/mochi/tests/algorithms/x/Elixir/digital_image_processing/filters/bilateral_filter.exs:102:8: Main.vec_gaussian/2

     warning: variable "j" is unused (there is a variable with the same name in the context, use the pin operator (^) to match on it or prefix this variable with underscore if it is not meant to be used)
     │
 131 │           {j, row} = try do
     │            ~
     │
     └─ /workspace/mochi/tests/algorithms/x/Elixir/digital_image_processing/filters/bilateral_filter.exs:131:12: Main.get_slice/4

     warning: variable "i" is unused (there is a variable with the same name in the context, use the pin operator (^) to match on it or prefix this variable with underscore if it is not meant to be used)
     │
 144 │       {i, slice} = try do
     │        ~
     │
     └─ /workspace/mochi/tests/algorithms/x/Elixir/digital_image_processing/filters/bilateral_filter.exs:144:8: Main.get_slice/4

     warning: variable "j" is unused (there is a variable with the same name in the context, use the pin operator (^) to match on it or prefix this variable with underscore if it is not meant to be used)
     │
 175 │           {j, row} = try do
     │            ~
     │
     └─ /workspace/mochi/tests/algorithms/x/Elixir/digital_image_processing/filters/bilateral_filter.exs:175:12: Main.get_gauss_kernel/2

     warning: variable "i" is unused (there is a variable with the same name in the context, use the pin operator (^) to match on it or prefix this variable with underscore if it is not meant to be used)
     │
 188 │       {arr, i} = try do
     │             ~
     │
     └─ /workspace/mochi/tests/algorithms/x/Elixir/digital_image_processing/filters/bilateral_filter.exs:188:13: Main.get_gauss_kernel/2

     warning: variable "j" is unused (there is a variable with the same name in the context, use the pin operator (^) to match on it or prefix this variable with underscore if it is not meant to be used)
     │
 216 │           {j, row} = try do
     │            ~
     │
     └─ /workspace/mochi/tests/algorithms/x/Elixir/digital_image_processing/filters/bilateral_filter.exs:216:12: Main.elementwise_sub/2

     warning: variable "i" is unused (there is a variable with the same name in the context, use the pin operator (^) to match on it or prefix this variable with underscore if it is not meant to be used)
     │
 229 │       {i, res} = try do
     │        ~
     │
     └─ /workspace/mochi/tests/algorithms/x/Elixir/digital_image_processing/filters/bilateral_filter.exs:229:8: Main.elementwise_sub/2

     warning: variable "j" is unused (there is a variable with the same name in the context, use the pin operator (^) to match on it or prefix this variable with underscore if it is not meant to be used)
     │
 257 │           {j, row} = try do
     │            ~
     │
     └─ /workspace/mochi/tests/algorithms/x/Elixir/digital_image_processing/filters/bilateral_filter.exs:257:12: Main.elementwise_mul/2

     warning: variable "i" is unused (there is a variable with the same name in the context, use the pin operator (^) to match on it or prefix this variable with underscore if it is not meant to be used)
     │
 270 │       {i, res} = try do
     │        ~
     │
     └─ /workspace/mochi/tests/algorithms/x/Elixir/digital_image_processing/filters/bilateral_filter.exs:270:8: Main.elementwise_mul/2

     warning: variable "j" is unused (there is a variable with the same name in the context, use the pin operator (^) to match on it or prefix this variable with underscore if it is not meant to be used)
     │
 297 │           {j, total} = try do
     │            ~
     │
     └─ /workspace/mochi/tests/algorithms/x/Elixir/digital_image_processing/filters/bilateral_filter.exs:297:12: Main.matrix_sum/1

     warning: variable "i" is unused (there is a variable with the same name in the context, use the pin operator (^) to match on it or prefix this variable with underscore if it is not meant to be used)
     │
 309 │       {i, total} = try do
     │        ~
     │
     └─ /workspace/mochi/tests/algorithms/x/Elixir/digital_image_processing/filters/bilateral_filter.exs:309:8: Main.matrix_sum/1

0.39999999999999997