--- Left Join Multi ---
100 Alice Main$Data3@70dea4e