--- Left Join Multi ---
100 Alice Item(orderId=100, sku=a)