Test case base = 10, begin = 1, end = 100:
Subset:  [1]
Kaprekar:[1 9 45 55 99]
Fail:9 not in subset

Test case base = 17, begin = 10, end = gg:
Subset:  [10]
Kaprekar:[3d d4 gg]
Fail:3d not in subset
{
  "duration_us": 159,
  "memory_bytes": 632,
  "name": "main"
}
