tax on 300 cents is 15 cents
{
  "duration_us": 19,
  "memory_bytes": 160,
  "name": "main"
}
