11185.977999999999
2376.3069999999998
60199.544999999998