<?php
$store_sales = [
    [
        "ss_ticket_number" => 1,
        "ss_customer_sk" => 1,
        "ss_sold_date_sk" => 1,
        "ss_store_sk" => 1,
        "ss_hdemo_sk" => 1
    ],
    [
        "ss_ticket_number" => 1,
        "ss_customer_sk" => 1,
        "ss_sold_date_sk" => 1,
        "ss_store_sk" => 1,
        "ss_hdemo_sk" => 1
    ],
    [
        "ss_ticket_number" => 1,
        "ss_customer_sk" => 1,
        "ss_sold_date_sk" => 1,
        "ss_store_sk" => 1,
        "ss_hdemo_sk" => 1
    ],
    [
        "ss_ticket_number" => 1,
        "ss_customer_sk" => 1,
        "ss_sold_date_sk" => 1,
        "ss_store_sk" => 1,
        "ss_hdemo_sk" => 1
    ],
    [
        "ss_ticket_number" => 1,
        "ss_customer_sk" => 1,
        "ss_sold_date_sk" => 1,
        "ss_store_sk" => 1,
        "ss_hdemo_sk" => 1
    ],
    [
        "ss_ticket_number" => 1,
        "ss_customer_sk" => 1,
        "ss_sold_date_sk" => 1,
        "ss_store_sk" => 1,
        "ss_hdemo_sk" => 1
    ],
    [
        "ss_ticket_number" => 1,
        "ss_customer_sk" => 1,
        "ss_sold_date_sk" => 1,
        "ss_store_sk" => 1,
        "ss_hdemo_sk" => 1
    ],
    [
        "ss_ticket_number" => 1,
        "ss_customer_sk" => 1,
        "ss_sold_date_sk" => 1,
        "ss_store_sk" => 1,
        "ss_hdemo_sk" => 1
    ],
    [
        "ss_ticket_number" => 1,
        "ss_customer_sk" => 1,
        "ss_sold_date_sk" => 1,
        "ss_store_sk" => 1,
        "ss_hdemo_sk" => 1
    ],
    [
        "ss_ticket_number" => 1,
        "ss_customer_sk" => 1,
        "ss_sold_date_sk" => 1,
        "ss_store_sk" => 1,
        "ss_hdemo_sk" => 1
    ],
    [
        "ss_ticket_number" => 1,
        "ss_customer_sk" => 1,
        "ss_sold_date_sk" => 1,
        "ss_store_sk" => 1,
        "ss_hdemo_sk" => 1
    ],
    [
        "ss_ticket_number" => 1,
        "ss_customer_sk" => 1,
        "ss_sold_date_sk" => 1,
        "ss_store_sk" => 1,
        "ss_hdemo_sk" => 1
    ],
    [
        "ss_ticket_number" => 1,
        "ss_customer_sk" => 1,
        "ss_sold_date_sk" => 1,
        "ss_store_sk" => 1,
        "ss_hdemo_sk" => 1
    ],
    [
        "ss_ticket_number" => 1,
        "ss_customer_sk" => 1,
        "ss_sold_date_sk" => 1,
        "ss_store_sk" => 1,
        "ss_hdemo_sk" => 1
    ],
    [
        "ss_ticket_number" => 1,
        "ss_customer_sk" => 1,
        "ss_sold_date_sk" => 1,
        "ss_store_sk" => 1,
        "ss_hdemo_sk" => 1
    ],
    [
        "ss_ticket_number" => 1,
        "ss_customer_sk" => 1,
        "ss_sold_date_sk" => 1,
        "ss_store_sk" => 1,
        "ss_hdemo_sk" => 1
    ],
    [
        "ss_ticket_number" => 2,
        "ss_customer_sk" => 2,
        "ss_sold_date_sk" => 1,
        "ss_store_sk" => 1,
        "ss_hdemo_sk" => 2
    ],
    [
        "ss_ticket_number" => 2,
        "ss_customer_sk" => 2,
        "ss_sold_date_sk" => 1,
        "ss_store_sk" => 1,
        "ss_hdemo_sk" => 2
    ],
    [
        "ss_ticket_number" => 2,
        "ss_customer_sk" => 2,
        "ss_sold_date_sk" => 1,
        "ss_store_sk" => 1,
        "ss_hdemo_sk" => 2
    ],
    [
        "ss_ticket_number" => 2,
        "ss_customer_sk" => 2,
        "ss_sold_date_sk" => 1,
        "ss_store_sk" => 1,
        "ss_hdemo_sk" => 2
    ],
    [
        "ss_ticket_number" => 2,
        "ss_customer_sk" => 2,
        "ss_sold_date_sk" => 1,
        "ss_store_sk" => 1,
        "ss_hdemo_sk" => 2
    ],
    [
        "ss_ticket_number" => 2,
        "ss_customer_sk" => 2,
        "ss_sold_date_sk" => 1,
        "ss_store_sk" => 1,
        "ss_hdemo_sk" => 2
    ],
    [
        "ss_ticket_number" => 2,
        "ss_customer_sk" => 2,
        "ss_sold_date_sk" => 1,
        "ss_store_sk" => 1,
        "ss_hdemo_sk" => 2
    ],
    [
        "ss_ticket_number" => 2,
        "ss_customer_sk" => 2,
        "ss_sold_date_sk" => 1,
        "ss_store_sk" => 1,
        "ss_hdemo_sk" => 2
    ],
    [
        "ss_ticket_number" => 2,
        "ss_customer_sk" => 2,
        "ss_sold_date_sk" => 1,
        "ss_store_sk" => 1,
        "ss_hdemo_sk" => 2
    ],
    [
        "ss_ticket_number" => 2,
        "ss_customer_sk" => 2,
        "ss_sold_date_sk" => 1,
        "ss_store_sk" => 1,
        "ss_hdemo_sk" => 2
    ]
];
$date_dim = [
    [
        "d_date_sk" => 1,
        "d_dom" => 2,
        "d_year" => 2000
    ]
];
$store = [["s_store_sk" => 1, "s_county" => "A"]];
$household_demographics = [
    [
        "hd_demo_sk" => 1,
        "hd_buy_potential" => ">10000",
        "hd_vehicle_count" => 2,
        "hd_dep_count" => 3
    ],
    [
        "hd_demo_sk" => 2,
        "hd_buy_potential" => ">10000",
        "hd_vehicle_count" => 2,
        "hd_dep_count" => 1
    ]
];
$customer = [
    [
        "c_customer_sk" => 1,
        "c_last_name" => "Smith",
        "c_first_name" => "John",
        "c_salutation" => "Mr.",
        "c_preferred_cust_flag" => "Y"
    ],
    [
        "c_customer_sk" => 2,
        "c_last_name" => "Jones",
        "c_first_name" => "Alice",
        "c_salutation" => "Ms.",
        "c_preferred_cust_flag" => "N"
    ]
];
$dn = (function() use ($date_dim, $household_demographics, $store, $store_sales) {
    $groups = [];
    foreach ($store_sales as $ss) {
        foreach ($date_dim as $d) {
            if ($ss['ss_sold_date_sk'] == $d['d_date_sk']) {
                foreach ($store as $s) {
                    if ($ss['ss_store_sk'] == $s['s_store_sk']) {
                        foreach ($household_demographics as $hd) {
                            if ($ss['ss_hdemo_sk'] == $hd['hd_demo_sk']) {
                                if (($d['d_dom'] >= 1 && $d['d_dom'] <= 3) && $hd['hd_buy_potential'] == ">10000" && $hd['hd_vehicle_count'] > 0 && ($hd['hd_dep_count'] / $hd['hd_vehicle_count']) > 1.2 && $d['d_year'] == 2000 && $s['s_county'] == "A") {
                                    $_k = json_encode([
    "ticket" => $ss['ss_ticket_number'],
    "cust" => $ss['ss_customer_sk']
]);
                                    $groups[$_k][] = ["ss" => $ss, "d" => $d, "s" => $s, "hd" => $hd];
                                }
                            }
                        }
                    }
                }
            }
        }
    }
    $result = [];
    foreach ($groups as $_k => $__g) {
        $_key = json_decode($_k, true);
        $g = ['key'=>$_key,'items'=> $__g];
        $result[] = [
    "ss_ticket_number" => $g['key']['ticket'],
    "ss_customer_sk" => $g['key']['cust'],
    "cnt" => count($g['items'])
];
    }
    return $result;
})();
$result = (function() use ($customer, $dn) {
    $result = [];
    foreach ($dn as $dn1) {
        foreach ($customer as $c) {
            if ($dn1['ss_customer_sk'] == $c['c_customer_sk']) {
                if ($dn1['cnt'] >= 15 && $dn1['cnt'] <= 20) {
                    $result[] = [$c['c_last_name'], [
    "c_last_name" => $c['c_last_name'],
    "c_first_name" => $c['c_first_name'],
    "c_salutation" => $c['c_salutation'],
    "c_preferred_cust_flag" => $c['c_preferred_cust_flag'],
    "ss_ticket_number" => $dn1['ss_ticket_number'],
    "cnt" => $dn1['cnt']
]];
                }
            }
        }
    }
    usort($result, function($a, $b) { return $a[0] <=> $b[0]; });
    $result = array_map(fn($r) => $r[1], $result);
    return $result;
})();
echo json_encode($result), PHP_EOL;
?>
