public class Main {
    static class Customer {
        int c_customer_sk;
        int c_current_addr_sk;
        int c_current_cdemo_sk;
        
        Customer(int c_customer_sk, int c_current_addr_sk, int c_current_cdemo_sk) {
            this.c_customer_sk = c_customer_sk;
            this.c_current_addr_sk = c_current_addr_sk;
            this.c_current_cdemo_sk = c_current_cdemo_sk;
        }
        
        Customer() {}
    }
    
    static class CustomerAddress {
        int ca_address_sk;
        String ca_county;
        
        CustomerAddress(int ca_address_sk, String ca_county) {
            this.ca_address_sk = ca_address_sk;
            this.ca_county = ca_county;
        }
        
        CustomerAddress() {}
    }
    
    static class CustomerDemographics {
        int cd_demo_sk;
        String cd_gender;
        String cd_marital_status;
        String cd_education_status;
        int cd_purchase_estimate;
        String cd_credit_rating;
        int cd_dep_count;
        int cd_dep_employed_count;
        int cd_dep_college_count;
        
        CustomerDemographics(int cd_demo_sk, String cd_gender, String cd_marital_status, String cd_education_status, int cd_purchase_estimate, String cd_credit_rating, int cd_dep_count, int cd_dep_employed_count, int cd_dep_college_count) {
            this.cd_demo_sk = cd_demo_sk;
            this.cd_gender = cd_gender;
            this.cd_marital_status = cd_marital_status;
            this.cd_education_status = cd_education_status;
            this.cd_purchase_estimate = cd_purchase_estimate;
            this.cd_credit_rating = cd_credit_rating;
            this.cd_dep_count = cd_dep_count;
            this.cd_dep_employed_count = cd_dep_employed_count;
            this.cd_dep_college_count = cd_dep_college_count;
        }
        
        CustomerDemographics() {}
    }
    
    static class StoreSale {
        int ss_customer_sk;
        int ss_sold_date_sk;
        
        StoreSale(int ss_customer_sk, int ss_sold_date_sk) {
            this.ss_customer_sk = ss_customer_sk;
            this.ss_sold_date_sk = ss_sold_date_sk;
        }
        
        StoreSale() {}
    }
    
    static class DateDim {
        int d_date_sk;
        int d_year;
        int d_moy;
        
        DateDim(int d_date_sk, int d_year, int d_moy) {
            this.d_date_sk = d_date_sk;
            this.d_year = d_year;
            this.d_moy = d_moy;
        }
        
        DateDim() {}
    }
    
    static void test_TPCDS_Q10_demographics_count() {
        expect((result == new Object[]{new java.util.HashMap<>(java.util.Map.of("cd_gender", "F", "cd_marital_status", "M", "cd_education_status", "College", "cnt1", 1, "cd_purchase_estimate", 5000, "cnt2", 1, "cd_credit_rating", "Good", "cnt3", 1, "cd_dep_count", 1, "cnt4", 1, "cd_dep_employed_count", 1, "cnt5", 1, "cd_dep_college_count", 0, "cnt6", 1))}));
    }
    
    static Object[] customer = new Object[]{new java.util.HashMap<>(java.util.Map.of("c_customer_sk", 1, "c_current_addr_sk", 1, "c_current_cdemo_sk", 1))};
    
    static Object[] customer_address = new Object[]{new java.util.HashMap<>(java.util.Map.of("ca_address_sk", 1, "ca_county", "CountyA"))};
    
    static Object[] customer_demographics = new Object[]{new java.util.HashMap<>(java.util.Map.of("cd_demo_sk", 1, "cd_gender", "F", "cd_marital_status", "M", "cd_education_status", "College", "cd_purchase_estimate", 5000, "cd_credit_rating", "Good", "cd_dep_count", 1, "cd_dep_employed_count", 1, "cd_dep_college_count", 0))};
    
    static Object[] store_sales = new Object[]{new java.util.HashMap<>(java.util.Map.of("ss_customer_sk", 1, "ss_sold_date_sk", 1))};
    
    static Object[] web_sales = new Object[]{};
    
    static Object[] catalog_sales = new Object[]{};
    
    static Object[] date_dim = new Object[]{new java.util.HashMap<>(java.util.Map.of("d_date_sk", 1, "d_year", 2000, "d_moy", 2))};
    
    static Object[] active = (new java.util.function.Supplier<java.util.List<Object>>() {
    public java.util.List<Object> get() {
        java.util.List<Object> _src = _toList(customer);
        java.util.List<_JoinSpec> _joins = java.util.List.of(
            new _JoinSpec(_toList(customer_address), (Object[] a) -> { Object c = a[0]; Object ca = a[1]; return ((c.get("c_current_addr_sk") == ca.get("ca_address_sk")) && (ca.get("ca_county") == "CountyA")); }, false, false),
            new _JoinSpec(_toList(customer_demographics), (Object[] a) -> { Object c = a[0]; Object ca = a[1]; Object cd = a[2]; return (c.get("c_current_cdemo_sk") == cd.get("cd_demo_sk")); }, false, false)
        );
        return _query(_src, _joins, new _QueryOpts((Object[] a) -> { Object c = a[0]; Object ca = a[1]; Object cd = a[2]; return cd; }, (Object[] a) -> { Object c = a[0]; Object ca = a[1]; Object cd = a[2]; return _exists((new java.util.function.Supplier<java.util.List<Object>>() {
    public java.util.List<Object> get() {
        java.util.List<Object> _src = _toList(store_sales);
        java.util.List<_JoinSpec> _joins = java.util.List.of(
            new _JoinSpec(_toList(date_dim), (Object[] a) -> { Object ss = a[0]; Object d = a[1]; return (ss.get("ss_sold_date_sk") == d.get("d_date_sk")); }, false, false)
        );
        return _query(_src, _joins, new _QueryOpts((Object[] a) -> { Object ss = a[0]; Object d = a[1]; return ss; }, (Object[] a) -> { Object ss = a[0]; Object d = a[1]; return ((((ss.get("ss_customer_sk") == c.get("c_customer_sk")) && (d.get("d_year") == 2000)) && (d.get("d_moy") >= 2)) && (d.get("d_moy") <= 5)); }, null, -1, -1));
    }
}).get()); }, null, -1, -1));
    }
}).get();
    
    static Object[] result = (new java.util.function.Supplier<java.util.List<Object>>() {
    public java.util.List<Object> get() {
        java.util.List<Object> _src = _toList(active);
        java.util.List<_Group> _grps = _group_by(_src, a -> new java.util.HashMap<>(java.util.Map.of("gender", a.get("cd_gender"), "marital", a.get("cd_marital_status"), "education", a.get("cd_education_status"), "purchase", a.get("cd_purchase_estimate"), "credit", a.get("cd_credit_rating"), "dep", a.get("cd_dep_count"), "depemp", a.get("cd_dep_employed_count"), "depcol", a.get("cd_dep_college_count"))));
        java.util.List<Object> _res = new java.util.ArrayList<>();
        for (_Group g : _grps) {
            _res.add(new java.util.HashMap<>(java.util.Map.of("cd_gender", g.get("key").gender, "cd_marital_status", g.get("key").marital, "cd_education_status", g.get("key").education, "cnt1", _count((new java.util.function.Supplier<java.util.List<Object>>() {
    public java.util.List<Object> get() {
        java.util.List<Object> _src = _toList(g);
        java.util.List<_JoinSpec> _joins = java.util.List.of(
        );
        return _query(_src, _joins, new _QueryOpts((Object[] a) -> { Object _ = a[0]; return _; }, null, null, -1, -1));
    }
}).get()), "cd_purchase_estimate", g.get("key").purchase, "cnt2", _count((new java.util.function.Supplier<java.util.List<Object>>() {
    public java.util.List<Object> get() {
        java.util.List<Object> _src = _toList(g);
        java.util.List<_JoinSpec> _joins = java.util.List.of(
        );
        return _query(_src, _joins, new _QueryOpts((Object[] a) -> { Object _ = a[0]; return _; }, null, null, -1, -1));
    }
}).get()), "cd_credit_rating", g.get("key").credit, "cnt3", _count((new java.util.function.Supplier<java.util.List<Object>>() {
    public java.util.List<Object> get() {
        java.util.List<Object> _src = _toList(g);
        java.util.List<_JoinSpec> _joins = java.util.List.of(
        );
        return _query(_src, _joins, new _QueryOpts((Object[] a) -> { Object _ = a[0]; return _; }, null, null, -1, -1));
    }
}).get()), "cd_dep_count", g.get("key").dep, "cnt4", _count((new java.util.function.Supplier<java.util.List<Object>>() {
    public java.util.List<Object> get() {
        java.util.List<Object> _src = _toList(g);
        java.util.List<_JoinSpec> _joins = java.util.List.of(
        );
        return _query(_src, _joins, new _QueryOpts((Object[] a) -> { Object _ = a[0]; return _; }, null, null, -1, -1));
    }
}).get()), "cd_dep_employed_count", g.get("key").depemp, "cnt5", _count((new java.util.function.Supplier<java.util.List<Object>>() {
    public java.util.List<Object> get() {
        java.util.List<Object> _src = _toList(g);
        java.util.List<_JoinSpec> _joins = java.util.List.of(
        );
        return _query(_src, _joins, new _QueryOpts((Object[] a) -> { Object _ = a[0]; return _; }, null, null, -1, -1));
    }
}).get()), "cd_dep_college_count", g.get("key").depcol, "cnt6", _count((new java.util.function.Supplier<java.util.List<Object>>() {
    public java.util.List<Object> get() {
        java.util.List<Object> _src = _toList(g);
        java.util.List<_JoinSpec> _joins = java.util.List.of(
        );
        return _query(_src, _joins, new _QueryOpts((Object[] a) -> { Object _ = a[0]; return _; }, null, null, -1, -1));
    }
}).get()))));
        }
        return _res;
    }
}).get();
    
    public static void main(String[] args) {
        test_TPCDS_Q10_demographics_count();
        _json(result);
    }
    
    static int _count(Object v) {
        if (v instanceof _Group) return ((_Group)v).length();
        java.util.List<Object> items = _toList(v);
        return items.size();
    }
    
    static boolean _exists(Object v) {
        if (v instanceof _Group) return ((_Group)v).length() > 0;
        if (v instanceof java.util.Map<?,?>) return !((java.util.Map<?,?>)v).isEmpty();
        if (v instanceof String) return !((String)v).isEmpty();
        java.util.List<Object> items = _toList(v);
        return !items.isEmpty();
    }
    
    static void expect(boolean cond) {
        if (!cond) throw new RuntimeException("expect failed");
    }
    
    static void _json(Object v) {
        System.out.println(_toJson(v));
    }
    
    static java.util.List<Object> _toList(Object v) {
        if (v instanceof java.util.List<?>) return new java.util.ArrayList<>((java.util.List<?>)v);
        int n = java.lang.reflect.Array.getLength(v);
        java.util.List<Object> out = new java.util.ArrayList<>(n);
        for (int i=0;i<n;i++) out.add(java.lang.reflect.Array.get(v,i));
        return out;
    }
    
    static class _JoinSpec {
        java.util.List<Object> items;
        java.util.function.Function<Object[],Boolean> on;
        boolean left;
        boolean right;
        _JoinSpec(java.util.List<Object> items, java.util.function.Function<Object[],Boolean> on, boolean left, boolean right) {
            this.items=items; this.on=on; this.left=left; this.right=right;
        }
    }
    
    static class _QueryOpts {
        java.util.function.Function<Object[],Object> selectFn;
        java.util.function.Function<Object[],Boolean> where;
        java.util.function.Function<Object[],Object> sortKey;
        int skip; int take;
        _QueryOpts(java.util.function.Function<Object[],Object> s, java.util.function.Function<Object[],Boolean> w, java.util.function.Function<Object[],Object> k, int skip, int take) {
            this.selectFn=s; this.where=w; this.sortKey=k; this.skip=skip; this.take=take;
        }
    }
    static java.util.List<Object> _query(java.util.List<Object> src, java.util.List<_JoinSpec> joins, _QueryOpts opts) {
        java.util.List<java.util.List<Object>> items = new java.util.ArrayList<>();
        for (Object v : src) { java.util.List<Object> r = new java.util.ArrayList<>(); r.add(v); items.add(r); }
        for (_JoinSpec j : joins) {
            java.util.List<java.util.List<Object>> joined = new java.util.ArrayList<>();
            java.util.List<Object> jitems = j.items;
            if (j.right && j.left) {
                boolean[] matched = new boolean[jitems.size()];
                for (java.util.List<Object> left : items) {
                    boolean m = false;
                    for (int ri=0; ri<jitems.size(); ri++) {
                        Object right = jitems.get(ri);
                        boolean keep = true;
                        if (j.on != null) {
                            Object[] args = new Object[left.size()+1];
                            for (int i=0;i<left.size();i++) args[i]=left.get(i);
                            args[left.size()] = right;
                            keep = j.on.apply(args);
                        }
                        if (!keep) continue;
                        m = true; matched[ri] = true;
                        java.util.List<Object> row = new java.util.ArrayList<>(left);
                        row.add(right); joined.add(row);
                    }
                    if (!m) { java.util.List<Object> row = new java.util.ArrayList<>(left); row.add(null); joined.add(row); }
                }
                for (int ri=0; ri<jitems.size(); ri++) {
                    if (!matched[ri]) { java.util.List<Object> undef = new java.util.ArrayList<>(items.isEmpty()?0:items.get(0).size()); for(int k=0;k<undef.size();k++) undef.set(k,null); undef.add(jitems.get(ri)); joined.add(undef); }
                }
            } else if (j.right) {
                for (Object right : jitems) {
                    boolean m = false;
                    for (java.util.List<Object> left : items) {
                        boolean keep = true;
                        if (j.on != null) {
                            Object[] args = new Object[left.size()+1];
                            for (int i=0;i<left.size();i++) args[i]=left.get(i);
                            args[left.size()] = right;
                            keep = j.on.apply(args);
                        }
                        if (!keep) continue;
                        m = true; java.util.List<Object> row = new java.util.ArrayList<>(left); row.add(right); joined.add(row);
                    }
                    if (!m) { java.util.List<Object> undef = new java.util.ArrayList<>(items.isEmpty()?0:items.get(0).size()); for(int k=0;k<undef.size();k++) undef.set(k,null); undef.add(right); joined.add(undef); }
                }
            } else {
                for (java.util.List<Object> left : items) {
                    boolean m = false;
                    for (Object right : jitems) {
                        boolean keep = true;
                        if (j.on != null) {
                            Object[] args = new Object[left.size()+1];
                            for (int i=0;i<left.size();i++) args[i]=left.get(i);
                            args[left.size()] = right;
                            keep = j.on.apply(args);
                        }
                        if (!keep) continue;
                        m = true; java.util.List<Object> row = new java.util.ArrayList<>(left); row.add(right); joined.add(row);
                    }
                    if (j.left && !m) { java.util.List<Object> row = new java.util.ArrayList<>(left); row.add(null); joined.add(row); }
                }
            items = joined;
        }
        if (opts.where != null) {
            java.util.List<java.util.List<Object>> filtered = new java.util.ArrayList<>();
            for (java.util.List<Object> r : items) if (opts.where.apply(r.toArray(new Object[0]))) filtered.add(r);
            items = filtered;
        }
        if (opts.sortKey != null) {
            class Pair { java.util.List<Object> item; Object key; Pair(java.util.List<Object> i,Object k){item=i;key=k;} }
            java.util.List<Pair> pairs = new java.util.ArrayList<>();
            for (java.util.List<Object> it : items) pairs.add(new Pair(it, opts.sortKey.apply(it.toArray(new Object[0]))));
            pairs.sort((a,b) -> {
                Object ak=a.key, bk=b.key;
                if (ak instanceof Number && bk instanceof Number) return Double.compare(((Number)ak).doubleValue(), ((Number)bk).doubleValue());
                if (ak instanceof String && bk instanceof String) return ((String)ak).compareTo((String)bk);
                return ak.toString().compareTo(bk.toString());
            });
            for (int i=0;i<pairs.size();i++) items.set(i, pairs.get(i).item);
        }
        if (opts.skip >= 0) { if (opts.skip < items.size()) items = new java.util.ArrayList<>(items.subList(opts.skip, items.size())); else items = new java.util.ArrayList<>(); }
        if (opts.take >= 0) { if (opts.take < items.size()) items = new java.util.ArrayList<>(items.subList(0, opts.take)); }
        java.util.List<Object> res = new java.util.ArrayList<>();
        for (java.util.List<Object> r : items) res.add(opts.selectFn.apply(r.toArray(new Object[0])));
        return res;
    }
    
    static class _Group {
        Object key;
        java.util.List<Object> Items = new java.util.ArrayList<>();
        _Group(Object k) { key = k; }
        int length() { return Items.size(); }
    }
    
    static java.util.List<_Group> _group_by(java.util.List<Object> src, java.util.function.Function<Object,Object> keyfn) {
        java.util.Map<String,_Group> groups = new java.util.LinkedHashMap<>();
        for (Object it : src) {
            Object key = keyfn.apply(it);
            String ks = String.valueOf(key);
            _Group g = groups.get(ks);
            if (g == null) { g = new _Group(key); groups.put(ks, g); }
            g.Items.add(it);
        }
        return new java.util.ArrayList<>(groups.values());
    }
}
