public class Main {
  static void test_TPCDS_Q5_result() {
    expect((result.length == 3));
  }

  static Object[] result =
      new Object[] {
        new java.util.HashMap<>(
            java.util.Map.of(
                "channel",
                "catalog channel",
                "id",
                "catalog_page100",
                "sales",
                30,
                "returns",
                3,
                "profit",
                8)),
        new java.util.HashMap<>(
            java.util.Map.of(
                "channel",
                "store channel",
                "id",
                "store10",
                "sales",
                20,
                "returns",
                2,
                "profit",
                4)),
        new java.util.HashMap<>(
            java.util.Map.of(
                "channel",
                "web channel",
                "id",
                "web_site200",
                "sales",
                40,
                "returns",
                4,
                "profit",
                10))
      };

  public static void main(String[] args) {
    test_TPCDS_Q5_result();
    _json(result);
  }

  static void expect(boolean cond) {
    if (!cond) throw new RuntimeException("expect failed");
  }

  static void _json(Object v) {
    System.out.println(_toJson(v));
  }
}
