:- style_check(-singleton).
        add(X, Y, Res) :-
        _V0 is X + Y,
        Res = _V0.

    main :-
    add(2, 3, _V1),
    write(_V1),
    nl
    .
:- initialization(main, main).
