/tmp/21-game.st:4: expected expression
/tmp/21-game.st:5: expected expression
