tests/aster/x/zig/print_hello.zig:5:5: error: expected type 'void', found 'error{AccessDenied,Unexpected,DiskQuota,FileTooBig,InputOutput,NoSpaceLeft,DeviceBusy,InvalidArgument,BrokenPipe,SystemResources,OperationAborted,NotOpenForWriting,LockViolation,WouldBlock,ConnectionResetByPeer}'
tests/aster/x/zig/print_hello.zig:4:15: note: function cannot return an error
