Fatal error: Uncaught Error: pigeon_sort(): Argument #1 ($array) could not be passed by reference in /workspace/mochi/tests/algorithms/x/PHP/sorts/pigeon_sort.php:117
Stack trace:
#0 {main}
  thrown in /workspace/mochi/tests/algorithms/x/PHP/sorts/pigeon_sort.php on line 117