211        311        611        811        911      1,103      1,109      1,111      1,117      1,121
     1,123      1,129      1,133      1,139      1,147      1,151      1,153      1,157      1,159      1,163