/tmp/TestCSTranspiler_Algorithms_Golden001_project_euler_problem_062_sol12752596524/001/Program.cs(158,9): warning CS0162: Unreachable code detected [/tmp/TestCSTranspiler_Algorithms_Golden001_project_euler_problem_062_sol12752596524/001/app.csproj]
solution() = 127035954683