/tmp/TestCSTranspiler_Algorithms_Golden001_web_programming_co2_emission1723049593/001/Program.cs(92,35): warning CS8632: The annotation for nullable reference types should only be used in code within a '#nullable' annotations context. [/tmp/TestCSTranspiler_Algorithms_Golden001_web_programming_co2_emission1723049593/001/app.csproj]
/tmp/TestCSTranspiler_Algorithms_Golden001_web_programming_co2_emission1723049593/001/Program.cs(23,20): warning CS0649: Field 'Response.data' is never assigned to, and will always have its default value null [/tmp/TestCSTranspiler_Algorithms_Golden001_web_programming_co2_emission1723049593/001/app.csproj]
/tmp/TestCSTranspiler_Algorithms_Golden001_web_programming_co2_emission1723049593/001/Program.cs(13,19): warning CS0649: Field 'Intensity.index' is never assigned to, and will always have its default value null [/tmp/TestCSTranspiler_Algorithms_Golden001_web_programming_co2_emission1723049593/001/app.csproj]
/tmp/TestCSTranspiler_Algorithms_Golden001_web_programming_co2_emission1723049593/001/Program.cs(11,17): warning CS0649: Field 'Intensity.forecast' is never assigned to, and will always have its default value 0 [/tmp/TestCSTranspiler_Algorithms_Golden001_web_programming_co2_emission1723049593/001/app.csproj]
/tmp/TestCSTranspiler_Algorithms_Golden001_web_programming_co2_emission1723049593/001/Program.cs(19,22): warning CS0649: Field 'Entry.intensity' is never assigned to, and will always have its default value null [/tmp/TestCSTranspiler_Algorithms_Golden001_web_programming_co2_emission1723049593/001/app.csproj]
/tmp/TestCSTranspiler_Algorithms_Golden001_web_programming_co2_emission1723049593/001/Program.cs(17,19): warning CS0649: Field 'Entry.from' is never assigned to, and will always have its default value null [/tmp/TestCSTranspiler_Algorithms_Golden001_web_programming_co2_emission1723049593/001/app.csproj]
/tmp/TestCSTranspiler_Algorithms_Golden001_web_programming_co2_emission1723049593/001/Program.cs(18,19): warning CS0649: Field 'Entry.to' is never assigned to, and will always have its default value null [/tmp/TestCSTranspiler_Algorithms_Golden001_web_programming_co2_emission1723049593/001/app.csproj]
/tmp/TestCSTranspiler_Algorithms_Golden001_web_programming_co2_emission1723049593/001/Program.cs(12,17): warning CS0649: Field 'Intensity.actual' is never assigned to, and will always have its default value 0 [/tmp/TestCSTranspiler_Algorithms_Golden001_web_programming_co2_emission1723049593/001/app.csproj]
/tmp/TestCSTranspiler_Algorithms_Golden001_web_programming_co2_emission1723049593/001/Program.cs(210,19): warning CS0414: The field 'Program.__name__' is assigned but its value is never used [/tmp/TestCSTranspiler_Algorithms_Golden001_web_programming_co2_emission1723049593/001/app.csproj]
from 2020-09-30T23:30Z to 2020-10-01T00:00Z : 160
from 2020-10-01T00:00Z to 2020-10-01T00:30Z : 164
from 2020-10-01T00:30Z to 2020-10-01T01:00Z : 163
from 2020-10-01T01:00Z to 2020-10-01T01:30Z : 165
from 2020-10-01T01:30Z to 2020-10-01T02:00Z : 167
from 2020-10-01T02:00Z to 2020-10-01T02:30Z : 169
from 2020-10-01T02:30Z to 2020-10-01T03:00Z : 166
from 2020-10-01T03:00Z to 2020-10-01T03:30Z : 174
from 2020-10-01T03:30Z to 2020-10-01T04:00Z : 188
from 2020-10-01T04:00Z to 2020-10-01T04:30Z : 217
from 2020-10-01T04:30Z to 2020-10-01T05:00Z : 239
from 2020-10-01T05:00Z to 2020-10-01T05:30Z : 262
from 2020-10-01T05:30Z to 2020-10-01T06:00Z : 275
from 2020-10-01T06:00Z to 2020-10-01T06:30Z : 289
from 2020-10-01T06:30Z to 2020-10-01T07:00Z : 284
from 2020-10-01T07:00Z to 2020-10-01T07:30Z : 276
from 2020-10-01T07:30Z to 2020-10-01T08:00Z : 272
from 2020-10-01T08:00Z to 2020-10-01T08:30Z : 267
from 2020-10-01T08:30Z to 2020-10-01T09:00Z : 266
from 2020-10-01T09:00Z to 2020-10-01T09:30Z : 260
from 2020-10-01T09:30Z to 2020-10-01T10:00Z : 254
from 2020-10-01T10:00Z to 2020-10-01T10:30Z : 250
from 2020-10-01T10:30Z to 2020-10-01T11:00Z : 247
from 2020-10-01T11:00Z to 2020-10-01T11:30Z : 242
from 2020-10-01T11:30Z to 2020-10-01T12:00Z : 242
from 2020-10-01T12:00Z to 2020-10-01T12:30Z : 239
from 2020-10-01T12:30Z to 2020-10-01T13:00Z : 236
from 2020-10-01T13:00Z to 2020-10-01T13:30Z : 236
from 2020-10-01T13:30Z to 2020-10-01T14:00Z : 250
from 2020-10-01T14:00Z to 2020-10-01T14:30Z : 268
from 2020-10-01T14:30Z to 2020-10-01T15:00Z : 277
from 2020-10-01T15:00Z to 2020-10-01T15:30Z : 291
from 2020-10-01T15:30Z to 2020-10-01T16:00Z : 302
from 2020-10-01T16:00Z to 2020-10-01T16:30Z : 306
from 2020-10-01T16:30Z to 2020-10-01T17:00Z : 305
from 2020-10-01T17:00Z to 2020-10-01T17:30Z : 307
from 2020-10-01T17:30Z to 2020-10-01T18:00Z : 308
from 2020-10-01T18:00Z to 2020-10-01T18:30Z : 308
from 2020-10-01T18:30Z to 2020-10-01T19:00Z : 303
from 2020-10-01T19:00Z to 2020-10-01T19:30Z : 294
from 2020-10-01T19:30Z to 2020-10-01T20:00Z : 283
from 2020-10-01T20:00Z to 2020-10-01T20:30Z : 267
from 2020-10-01T20:30Z to 2020-10-01T21:00Z : 262
from 2020-10-01T21:00Z to 2020-10-01T21:30Z : 229
from 2020-10-01T21:30Z to 2020-10-01T22:00Z : 209
from 2020-10-01T22:00Z to 2020-10-01T22:30Z : 199
from 2020-10-01T22:30Z to 2020-10-01T23:00Z : 189
from 2020-10-01T23:00Z to 2020-10-01T23:30Z : 175
from 2020-10-01T23:30Z to 2020-10-02T00:00Z : 163
from 2020-10-02T00:00Z to 2020-10-02T00:30Z : 160
from 2020-10-02T00:30Z to 2020-10-02T01:00Z : 160
from 2020-10-02T01:00Z to 2020-10-02T01:30Z : 150
from 2020-10-02T01:30Z to 2020-10-02T02:00Z : 147
from 2020-10-02T02:00Z to 2020-10-02T02:30Z : 141
from 2020-10-02T02:30Z to 2020-10-02T03:00Z : 154
from 2020-10-02T03:00Z to 2020-10-02T03:30Z : 147
from 2020-10-02T03:30Z to 2020-10-02T04:00Z : 154
from 2020-10-02T04:00Z to 2020-10-02T04:30Z : 160
from 2020-10-02T04:30Z to 2020-10-02T05:00Z : 166
from 2020-10-02T05:00Z to 2020-10-02T05:30Z : 182
from 2020-10-02T05:30Z to 2020-10-02T06:00Z : 191
from 2020-10-02T06:00Z to 2020-10-02T06:30Z : 193
from 2020-10-02T06:30Z to 2020-10-02T07:00Z : 186
from 2020-10-02T07:00Z to 2020-10-02T07:30Z : 180
from 2020-10-02T07:30Z to 2020-10-02T08:00Z : 178
from 2020-10-02T08:00Z to 2020-10-02T08:30Z : 181
from 2020-10-02T08:30Z to 2020-10-02T09:00Z : 178
from 2020-10-02T09:00Z to 2020-10-02T09:30Z : 177
from 2020-10-02T09:30Z to 2020-10-02T10:00Z : 176
from 2020-10-02T10:00Z to 2020-10-02T10:30Z : 166
from 2020-10-02T10:30Z to 2020-10-02T11:00Z : 169
from 2020-10-02T11:00Z to 2020-10-02T11:30Z : 171
from 2020-10-02T11:30Z to 2020-10-02T12:00Z : 172
from 2020-10-02T12:00Z to 2020-10-02T12:30Z : 170
from 2020-10-02T12:30Z to 2020-10-02T13:00Z : 171
from 2020-10-02T13:00Z to 2020-10-02T13:30Z : 170
from 2020-10-02T13:30Z to 2020-10-02T14:00Z : 162
from 2020-10-02T14:00Z to 2020-10-02T14:30Z : 165
from 2020-10-02T14:30Z to 2020-10-02T15:00Z : 168
from 2020-10-02T15:00Z to 2020-10-02T15:30Z : 176
from 2020-10-02T15:30Z to 2020-10-02T16:00Z : 181
from 2020-10-02T16:00Z to 2020-10-02T16:30Z : 183
from 2020-10-02T16:30Z to 2020-10-02T17:00Z : 177
from 2020-10-02T17:00Z to 2020-10-02T17:30Z : 176
from 2020-10-02T17:30Z to 2020-10-02T18:00Z : 175
from 2020-10-02T18:00Z to 2020-10-02T18:30Z : 172
from 2020-10-02T18:30Z to 2020-10-02T19:00Z : 171
from 2020-10-02T19:00Z to 2020-10-02T19:30Z : 162
from 2020-10-02T19:30Z to 2020-10-02T20:00Z : 152
from 2020-10-02T20:00Z to 2020-10-02T20:30Z : 146
from 2020-10-02T20:30Z to 2020-10-02T21:00Z : 162
from 2020-10-02T21:00Z to 2020-10-02T21:30Z : 135
from 2020-10-02T21:30Z to 2020-10-02T22:00Z : 124
from 2020-10-02T22:00Z to 2020-10-02T22:30Z : 110
from 2020-10-02T22:30Z to 2020-10-02T23:00Z : 104
from 2020-10-02T23:00Z to 2020-10-02T23:30Z : 97
from 2020-10-02T23:30Z to 2020-10-03T00:00Z : 102
fetch_last_half_hour() = 139