a = (-1.81712059283214, 1)
b = (-1.442249570307409, 2)
c = a + b = (10.37537538920142, -33.52450909626975)
d = -c = (10.37537538920142, 33.52450909626975)
c + d = Zero
a + b + d = (8.112963841460663e+31, -7.307508186654507e+47)
a * 12345 = (10.75857218173043, 35.3874428812067)