0
0
0
{
  "duration_us": 3812,
  "memory_bytes": 17672,
  "name": "main"
}
