require "ostruct"

def _json(v)
  require "json"
  obj = v
  if v.is_a?(Array)
    obj = v.map { |it| it.respond_to?(:to_h) ? it.to_h : it }
  elsif v.respond_to?(:to_h)
    obj = v.to_h
  end
  puts(JSON.generate(obj))
end

web_returns = [OpenStruct.new(qty: 60, cash: 20.0, fee: 1.0), OpenStruct.new(qty: 100, cash: 30.0, fee: 2.0), OpenStruct.new(qty: 95, cash: 25.0, fee: 3.0)]
result = (((web_returns.map { |r| r.qty }).length > 0) ? (web_returns.map { |r| r.qty }).sum(0.0) / (web_returns.map { |r| r.qty }).length : 0)
_json(result)
raise "expect failed" unless result == 85.0
