Score: 0
+----+----+----+----+
|    |    |    |    |
+----+----+----+----+
|    |    |    |    |
+----+----+----+----+
|    |    |    |    |
+----+----+----+----+
|    |   2|    |   2|
+----+----+----+----+
W=Up S=Down A=Left D=Right Q=Quit
Move: 
Score: 4
+----+----+----+----+
|    |    |   2|    |
+----+----+----+----+
|    |    |    |    |
+----+----+----+----+
|    |    |    |    |
+----+----+----+----+
|   4|    |    |    |
+----+----+----+----+
W=Up S=Down A=Left D=Right Q=Quit
Move: 
Score: 4
+----+----+----+----+
|    |    |    |    |
+----+----+----+----+
|    |    |    |    |
+----+----+----+----+
|    |    |    |    |
+----+----+----+----+
|   4|    |   2|   2|
+----+----+----+----+
W=Up S=Down A=Left D=Right Q=Quit
Move: 
Score: 8
+----+----+----+----+
|    |    |    |    |
+----+----+----+----+
|    |    |    |    |
+----+----+----+----+
|    |    |    |    |
+----+----+----+----+
|    |   2|   4|   4|
+----+----+----+----+
W=Up S=Down A=Left D=Right Q=Quit
Move: 
Score: 8
+----+----+----+----+
|    |   2|   4|   4|
+----+----+----+----+
|    |    |    |    |
+----+----+----+----+
|    |    |    |    |
+----+----+----+----+
|   2|    |    |    |
+----+----+----+----+
W=Up S=Down A=Left D=Right Q=Quit
Move:
