Cows and Bulls
Guess four digit number of unique digits in the range 1 to 9.
A correct digit but not in the correct place is a cow.
A correct digit in the correct place is a bull.
Guess: 
Cows: 0, bulls: 4
You got it.
