. Q . .
. . . Q
Q . . .
. . Q .

. . Q .
Q . . .
. . . Q
. Q . .

2 solutions were found.