Factors of -1 not computed

Factors of 0 not computed

Factors of 1: 
[1]
Number of factors = 1

Factors of 2: 
[1]
Number of factors = 1

Factors of 3: 
[1]
Number of factors = 1

Factors of 53: 
[1]
Number of factors = 1

Factors of 45: 
[1]
Number of factors = 1

Factors of 64: 
[1]
Number of factors = 1

Factors of 600851475143: 
[1]
Number of factors = 1

Factors of 999999999999999989: 
[1]
Number of factors = 1