{"__name": GenType1}
{"force": 33705.0}
{"__order": table: 0x5557183845d0}
{"__name": GenType4}
{"distance": 116112.01820814}
{"__order": table: 0x555718384e90}
{"__name": GenType2}
{"__order": table: 0x555718380eb0}
{"charge1": 0.0008900756564308}