[{"ca_zip": "85669", "sum_ws_sales_price": 50.0}, {"ca_zip": "99999", "sum_ws_sales_price": 30.0}]
