-3
-4
1
1
1
1300
134
137
1390
184
1985
2
2046
222
2728
333
333
364
