101
102
814
555
104
<nil>
108
106
1067
333
107
109
114
113
1019
555
<nil>
110
116
119
936
333
115
117
122
123
1226
333
121
<nil>
128
125
1272
333
127
126
133
134
1325
444
131
132
136
137
1371
111
138
135
140
141
1411
111
142
144
<nil>
147
880
555
149
146
<nil>
150
905
555
153
<nil>
<nil>
155
940
555
159
157
164
161
1622
333
163
162
<nil>
166
1000
555
168
165
171
172
1714
555
174
173
<nil>
176
1057
555
179
177
183
184
1828
333
182
180
185
187
1861
444
188
189
190
193
1918
444
191
192
196
195
1964
555
199
197
203
202
1619
222
201
204
207
208
1864
555
<nil>
<nil>
212
214
2125
222
213
210
217
215
2165
333
216
219
222
224
2226
444
220
221
226
225
2264
555
229
227
233
231
2323
555
234
230
238
<nil>
1663
555
239
237
<nil>
244
1455
222
243
<nil>
248
247
2476
444
245
246
call graph: main
stack trace:
  main:239
