333
107
-1
107
635
111
89
4
null
563
222
98
122
121
738
222
127
2
127
760
333
132
1
131
793
222
137
1
138
827
222
142
-4
142
851
444
117
-146
149
880
333
90
0
153
905
333
125
-157
159
940
444
162
2
163
966
333
133
-165
168
1000
444
172
-2
174
1030
444
141
-177
179
1057
333
182
3
182
1096
333
187
-4
188
1121
222
192
-2
191
1158
333
197
-1
199
1180
111
124
207
null
1036
333
212
2
213
1277
222
217
-2
216
1297
222
222
1
220
1338
333
227
-1
229
1360
333
232
3
234
1391
444
190
1
239
711
444
145
0
243
1455
111
247
2
245
1484
call graph: main
stack trace:
  main:242
