[[J@5c647e05
[[J@33909752
[[J@55f96302
[[J@3d4eac69
[[J@42a57993