Unhandled exception:
type 'int' is not a subtype of type 'double' in type cast
#0      get_greyscale (file:///workspace/mochi/tests/algorithms/x/Dart/digital_image_processing/dithering/burkes.dart:17:19)
#1      burkes_dither (file:///workspace/mochi/tests/algorithms/x/Dart/digital_image_processing/dithering/burkes.dart:50:16)
#2      _main (file:///workspace/mochi/tests/algorithms/x/Dart/digital_image_processing/dithering/burkes.dart:79:28)
#3      _start (file:///workspace/mochi/tests/algorithms/x/Dart/digital_image_processing/dithering/burkes.dart:97:3)
#4      main (file:///workspace/mochi/tests/algorithms/x/Dart/digital_image_processing/dithering/burkes.dart:100:16)
#5      _delayEntrypointInvocation.<anonymous closure> (dart:isolate-patch/isolate_patch.dart:314:19)
#6      _RawReceivePort._handleMessage (dart:isolate-patch/isolate_patch.dart:193:12)