O--O----O------O--------O----------O------------O--------------O----------------O------------------O
{
  "duration_us": 571223,
  "memory_bytes": 13033472,
  "name": "main"
}